#-----------------------------------------------------------
# Vivado v2018.2 (64-bit)
# SW Build 2258646 on Thu Jun 14 20:03:12 MDT 2018
# IP Build 2256618 on Thu Jun 14 22:10:49 MDT 2018
# Start of session at: Sun Mar 30 15:13:07 2025
# Process ID: 19796
# Current directory: C:/Users/USER/Desktop/EE2026/Project 2.0/VGA TEST 1.xpr/FDP
# Command line: vivado.exe -gui_launcher_event rodinguilauncherevent8596 C:\Users\USER\Desktop\EE2026\Project 2.0\VGA TEST 1.xpr\FDP\FDP.xpr
# Log file: C:/Users/USER/Desktop/EE2026/Project 2.0/VGA TEST 1.xpr/FDP/vivado.log
# Journal file: C:/Users/USER/Desktop/EE2026/Project 2.0/VGA TEST 1.xpr/FDP\vivado.jou
#-----------------------------------------------------------
start_gui
open_project {C:/Users/USER/Desktop/EE2026/Project 2.0/VGA TEST 1.xpr/FDP/FDP.xpr}
Scanning sources...
Finished scanning sources
INFO: [IP_Flow 19-234] Refreshing IP repositories
INFO: [IP_Flow 19-1704] No user IP repositories specified
INFO: [IP_Flow 19-2313] Loaded Vivado IP repository 'C:/Xilinx/Vivado/2018.2/data/ip'.
WARNING: [IP_Flow 19-3664] IP 'blk_mem_gen_inter' generated file not found 'c:/Users/USER/Desktop/EE2026/Project 2.0/VGA TEST 1.xpr/FDP/FDP.srcs/sources_1/ip/blk_mem_gen_inter/summary.log'. Please regenerate to continue.
WARNING: [IP_Flow 19-3664] IP 'blk_mem_gen_const' generated file not found 'c:/Users/USER/Desktop/EE2026/Project 2.0/VGA TEST 1.xpr/FDP/FDP.srcs/sources_1/ip/blk_mem_gen_const/summary.log'. Please regenerate to continue.
WARNING: [IP_Flow 19-3664] IP 'blk_mem_gen_img' generated file not found 'c:/Users/USER/Desktop/EE2026/Project 2.0/VGA TEST 1.xpr/FDP/FDP.srcs/sources_1/ip/blk_mem_gen_img/summary.log'. Please regenerate to continue.
WARNING: [IP_Flow 19-3664] IP 'blk_mem_gen_0' generated file not found 'c:/Users/USER/Desktop/EE2026/Project 2.0/VGA TEST 1.xpr/FDP/FDP.srcs/sources_1/ip/blk_mem_gen_0_1/summary.log'. Please regenerate to continue.
open_project: Time (s): cpu = 00:00:42 ; elapsed = 00:00:35 . Memory (MB): peak = 829.480 ; gain = 61.609
update_compile_order -fileset sources_1

