#-----------------------------------------------------------
# Vivado v2018.2 (64-bit)
# SW Build 2258646 on Thu Jun 14 20:03:12 MDT 2018
# IP Build 2256618 on Thu Jun 14 22:10:49 MDT 2018
# Start of session at: Sat Mar 29 13:10:15 2025
# Process ID: 18388
# Current directory: C:/Users/USER/Desktop/EE2026/Project 2.0/VGA TEST 1.xpr/FDP
# Command line: vivado.exe -gui_launcher_event rodinguilauncherevent20828 C:\Users\USER\Desktop\EE2026\Project 2.0\VGA TEST 1.xpr\FDP\FDP.xpr
# Log file: C:/Users/USER/Desktop/EE2026/Project 2.0/VGA TEST 1.xpr/FDP/vivado.log
# Journal file: C:/Users/USER/Desktop/EE2026/Project 2.0/VGA TEST 1.xpr/FDP\vivado.jou
#-----------------------------------------------------------
start_gui
open_project {C:/Users/USER/Desktop/EE2026/Project 2.0/VGA TEST 1.xpr/FDP/FDP.xpr}
INFO: [Project 1-313] Project file moved from 'C:/Users/USER/AppData/Roaming/Xilinx/Vivado/.Xil/Vivado-13864-The-Almighty-Laptop/PrjAr/_X_' since last save.
Scanning sources...
Finished scanning sources
INFO: [IP_Flow 19-234] Refreshing IP repositories
INFO: [IP_Flow 19-1704] No user IP repositories specified
INFO: [IP_Flow 19-2313] Loaded Vivado IP repository 'C:/Xilinx/Vivado/2018.2/data/ip'.
WARNING: [IP_Flow 19-3664] IP 'blk_mem_gen_inter' generated file not found 'c:/Users/USER/Desktop/EE2026/Project 2.0/VGA TEST 1.xpr/FDP/FDP.srcs/sources_1/ip/blk_mem_gen_inter/summary.log'. Please regenerate to continue.
WARNING: [IP_Flow 19-3664] IP 'blk_mem_gen_const' generated file not found 'c:/Users/USER/Desktop/EE2026/Project 2.0/VGA TEST 1.xpr/FDP/FDP.srcs/sources_1/ip/blk_mem_gen_const/summary.log'. Please regenerate to continue.
WARNING: [IP_Flow 19-3664] IP 'blk_mem_gen_img' generated file not found 'c:/Users/USER/Desktop/EE2026/Project 2.0/VGA TEST 1.xpr/FDP/FDP.srcs/sources_1/ip/blk_mem_gen_img/summary.log'. Please regenerate to continue.
WARNING: [IP_Flow 19-3664] IP 'blk_mem_gen_0' generated file not found 'c:/Users/USER/Desktop/EE2026/Project 2.0/VGA TEST 1.xpr/FDP/FDP.srcs/sources_1/ip/blk_mem_gen_0_1/summary.log'. Please regenerate to continue.
open_project: Time (s): cpu = 00:00:25 ; elapsed = 00:00:13 . Memory (MB): peak = 788.000 ; gain = 82.117
update_compile_order -fileset sources_1
update_compile_order -fileset sources_1
update_compile_order -fileset sources_1
close [ open {C:/Users/USER/Desktop/EE2026/Project 2.0/VGA TEST 1.xpr/FDP/FDP.srcs/sources_1/new/VGA_Background_Render.v} w ]
add_files {{C:/Users/USER/Desktop/EE2026/Project 2.0/VGA TEST 1.xpr/FDP/FDP.srcs/sources_1/new/VGA_Background_Render.v}}
update_compile_order -fileset sources_1
export_ip_user_files -of_objects  [get_files {{C:/Users/USER/Desktop/EE2026/Project 2.0/VGA TEST 1.xpr/FDP/FDP.srcs/sources_1/new/background_render_VGA.v}}] -no_script -reset -force -quiet
remove_files  {{C:/Users/USER/Desktop/EE2026/Project 2.0/VGA TEST 1.xpr/FDP/FDP.srcs/sources_1/new/background_render_VGA.v}}
file delete -force {C:/Users/USER/Desktop/EE2026/Project 2.0/VGA TEST 1.xpr/FDP/FDP.srcs/sources_1/new/background_render_VGA.v}
update_compile_order -fileset sources_1
reset_run synth_1
launch_runs impl_1 -to_step write_bitstream -jobs 4
[Sat Mar 29 13:36:34 2025] Launched synth_1...
Run output will be captured here: C:/Users/USER/Desktop/EE2026/Project 2.0/VGA TEST 1.xpr/FDP/FDP.runs/synth_1/runme.log
[Sat Mar 29 13:36:34 2025] Launched impl_1...
Run output will be captured here: C:/Users/USER/Desktop/EE2026/Project 2.0/VGA TEST 1.xpr/FDP/FDP.runs/impl_1/runme.log
update_compile_order -fileset sources_1
reset_run synth_1
launch_runs impl_1 -to_step write_bitstream -jobs 4
[Sat Mar 29 13:38:37 2025] Launched synth_1...
Run output will be captured here: C:/Users/USER/Desktop/EE2026/Project 2.0/VGA TEST 1.xpr/FDP/FDP.runs/synth_1/runme.log
[Sat Mar 29 13:38:37 2025] Launched impl_1...
Run output will be captured here: C:/Users/USER/Desktop/EE2026/Project 2.0/VGA TEST 1.xpr/FDP/FDP.runs/impl_1/runme.log
close [ open {C:/Users/USER/Desktop/EE2026/Project 2.0/VGA TEST 1.xpr/FDP/FDP.srcs/sources_1/new/VGA_Grid_Coordinates.v} w ]
add_files {{C:/Users/USER/Desktop/EE2026/Project 2.0/VGA TEST 1.xpr/FDP/FDP.srcs/sources_1/new/VGA_Grid_Coordinates.v}}
update_compile_order -fileset sources_1
open_hw
connect_hw_server
INFO: [Labtools 27-2285] Connecting to hw_server url TCP:localhost:3121
open_hw_target
INFO: [Labtoolstcl 44-466] Opening hw_target localhost:3121/xilinx_tcf/Digilent/210183713503A
set_property PROGRAM.FILE {C:/Users/USER/Desktop/EE2026/Project 2.0/VGA TEST 1.xpr/FDP/FDP.runs/impl_1/Top_Student.bit} [get_hw_devices xc7a35t_0]
current_hw_device [get_hw_devices xc7a35t_0]
refresh_hw_device -update_hw_probes false [lindex [get_hw_devices xc7a35t_0] 0]
INFO: [Labtools 27-1434] Device xc7a35t (JTAG device index = 0) is programmed with a design that has no supported debug core(s) in it.
WARNING: [Labtools 27-3361] The debug hub core was not detected.
Resolution: 
1. Make sure the clock connected to the debug hub (dbg_hub) core is a free running clock and is active.
2. Make sure the BSCAN_SWITCH_USER_MASK device property in Vivado Hardware Manager reflects the user scan chain setting in the design and refresh the device.  To determine the user scan chain setting in the design, open the implemented design and use 'get_property C_USER_SCAN_CHAIN [get_debug_cores dbg_hub]'.
For more details on setting the scan chain property, consult the Vivado Debug and Programming User Guide (UG908).
set_property PROBES.FILE {} [get_hw_devices xc7a35t_0]
set_property FULL_PROBES.FILE {} [get_hw_devices xc7a35t_0]
set_property PROGRAM.FILE {C:/Users/USER/Desktop/EE2026/Project 2.0/VGA TEST 1.xpr/FDP/FDP.runs/impl_1/Top_Student.bit} [get_hw_devices xc7a35t_0]
program_hw_devices [get_hw_devices xc7a35t_0]
INFO: [Labtools 27-3164] End of startup status: HIGH
refresh_hw_device [lindex [get_hw_devices xc7a35t_0] 0]
INFO: [Labtools 27-1434] Device xc7a35t (JTAG device index = 0) is programmed with a design that has no supported debug core(s) in it.
WARNING: [Labtools 27-3361] The debug hub core was not detected.
Resolution: 
1. Make sure the clock connected to the debug hub (dbg_hub) core is a free running clock and is active.
2. Make sure the BSCAN_SWITCH_USER_MASK device property in Vivado Hardware Manager reflects the user scan chain setting in the design and refresh the device.  To determine the user scan chain setting in the design, open the implemented design and use 'get_property C_USER_SCAN_CHAIN [get_debug_cores dbg_hub]'.
For more details on setting the scan chain property, consult the Vivado Debug and Programming User Guide (UG908).
update_compile_order -fileset sources_1
reset_run synth_1
launch_runs impl_1 -to_step write_bitstream -jobs 4
[Sat Mar 29 13:49:58 2025] Launched synth_1...
Run output will be captured here: C:/Users/USER/Desktop/EE2026/Project 2.0/VGA TEST 1.xpr/FDP/FDP.runs/synth_1/runme.log
[Sat Mar 29 13:49:58 2025] Launched impl_1...
Run output will be captured here: C:/Users/USER/Desktop/EE2026/Project 2.0/VGA TEST 1.xpr/FDP/FDP.runs/impl_1/runme.log
set_property PROBES.FILE {} [get_hw_devices xc7a35t_0]
set_property FULL_PROBES.FILE {} [get_hw_devices xc7a35t_0]
set_property PROGRAM.FILE {C:/Users/USER/Desktop/EE2026/Project 2.0/VGA TEST 1.xpr/FDP/FDP.runs/impl_1/Top_Student.bit} [get_hw_devices xc7a35t_0]
program_hw_devices [get_hw_devices xc7a35t_0]
INFO: [Labtools 27-3164] End of startup status: HIGH
refresh_hw_device [lindex [get_hw_devices xc7a35t_0] 0]
INFO: [Labtools 27-1434] Device xc7a35t (JTAG device index = 0) is programmed with a design that has no supported debug core(s) in it.
WARNING: [Labtools 27-3361] The debug hub core was not detected.
Resolution: 
1. Make sure the clock connected to the debug hub (dbg_hub) core is a free running clock and is active.
2. Make sure the BSCAN_SWITCH_USER_MASK device property in Vivado Hardware Manager reflects the user scan chain setting in the design and refresh the device.  To determine the user scan chain setting in the design, open the implemented design and use 'get_property C_USER_SCAN_CHAIN [get_debug_cores dbg_hub]'.
For more details on setting the scan chain property, consult the Vivado Debug and Programming User Guide (UG908).
update_compile_order -fileset sources_1
reset_run synth_1
launch_runs impl_1 -to_step write_bitstream -jobs 4
[Sat Mar 29 13:58:03 2025] Launched synth_1...
Run output will be captured here: C:/Users/USER/Desktop/EE2026/Project 2.0/VGA TEST 1.xpr/FDP/FDP.runs/synth_1/runme.log
[Sat Mar 29 13:58:03 2025] Launched impl_1...
Run output will be captured here: C:/Users/USER/Desktop/EE2026/Project 2.0/VGA TEST 1.xpr/FDP/FDP.runs/impl_1/runme.log
set_property PROBES.FILE {} [get_hw_devices xc7a35t_0]
set_property FULL_PROBES.FILE {} [get_hw_devices xc7a35t_0]
set_property PROGRAM.FILE {C:/Users/USER/Desktop/EE2026/Project 2.0/VGA TEST 1.xpr/FDP/FDP.runs/impl_1/Top_Student.bit} [get_hw_devices xc7a35t_0]
program_hw_devices [get_hw_devices xc7a35t_0]
INFO: [Labtools 27-3164] End of startup status: HIGH
refresh_hw_device [lindex [get_hw_devices xc7a35t_0] 0]
INFO: [Labtools 27-1434] Device xc7a35t (JTAG device index = 0) is programmed with a design that has no supported debug core(s) in it.
WARNING: [Labtools 27-3361] The debug hub core was not detected.
Resolution: 
1. Make sure the clock connected to the debug hub (dbg_hub) core is a free running clock and is active.
2. Make sure the BSCAN_SWITCH_USER_MASK device property in Vivado Hardware Manager reflects the user scan chain setting in the design and refresh the device.  To determine the user scan chain setting in the design, open the implemented design and use 'get_property C_USER_SCAN_CHAIN [get_debug_cores dbg_hub]'.
For more details on setting the scan chain property, consult the Vivado Debug and Programming User Guide (UG908).
update_compile_order -fileset sources_1
reset_run synth_1
launch_runs impl_1 -to_step write_bitstream -jobs 4
[Sat Mar 29 14:04:24 2025] Launched synth_1...
Run output will be captured here: C:/Users/USER/Desktop/EE2026/Project 2.0/VGA TEST 1.xpr/FDP/FDP.runs/synth_1/runme.log
[Sat Mar 29 14:04:24 2025] Launched impl_1...
Run output will be captured here: C:/Users/USER/Desktop/EE2026/Project 2.0/VGA TEST 1.xpr/FDP/FDP.runs/impl_1/runme.log
reset_run synth_1
WARNING: [Vivado 12-1017] Problems encountered:
1. Process appears to be on host 'THE-ALMIGHTY-LA' and cannot be killed from host 'The-Almighty-Laptop'

launch_runs impl_1 -to_step write_bitstream -jobs 4
[Sat Mar 29 14:05:07 2025] Launched synth_1...
Run output will be captured here: C:/Users/USER/Desktop/EE2026/Project 2.0/VGA TEST 1.xpr/FDP/FDP.runs/synth_1/runme.log
[Sat Mar 29 14:05:07 2025] Launched impl_1...
Run output will be captured here: C:/Users/USER/Desktop/EE2026/Project 2.0/VGA TEST 1.xpr/FDP/FDP.runs/impl_1/runme.log
set_property PROBES.FILE {} [get_hw_devices xc7a35t_0]
set_property FULL_PROBES.FILE {} [get_hw_devices xc7a35t_0]
set_property PROGRAM.FILE {C:/Users/USER/Desktop/EE2026/Project 2.0/VGA TEST 1.xpr/FDP/FDP.runs/impl_1/Top_Student.bit} [get_hw_devices xc7a35t_0]
program_hw_devices [get_hw_devices xc7a35t_0]
INFO: [Labtools 27-3164] End of startup status: HIGH
refresh_hw_device [lindex [get_hw_devices xc7a35t_0] 0]
INFO: [Labtools 27-1434] Device xc7a35t (JTAG device index = 0) is programmed with a design that has no supported debug core(s) in it.
WARNING: [Labtools 27-3361] The debug hub core was not detected.
Resolution: 
1. Make sure the clock connected to the debug hub (dbg_hub) core is a free running clock and is active.
2. Make sure the BSCAN_SWITCH_USER_MASK device property in Vivado Hardware Manager reflects the user scan chain setting in the design and refresh the device.  To determine the user scan chain setting in the design, open the implemented design and use 'get_property C_USER_SCAN_CHAIN [get_debug_cores dbg_hub]'.
For more details on setting the scan chain property, consult the Vivado Debug and Programming User Guide (UG908).
reset_run synth_1
launch_runs impl_1 -to_step write_bitstream -jobs 4
[Sat Mar 29 14:50:43 2025] Launched synth_1...
Run output will be captured here: C:/Users/USER/Desktop/EE2026/Project 2.0/VGA TEST 1.xpr/FDP/FDP.runs/synth_1/runme.log
[Sat Mar 29 14:50:43 2025] Launched impl_1...
Run output will be captured here: C:/Users/USER/Desktop/EE2026/Project 2.0/VGA TEST 1.xpr/FDP/FDP.runs/impl_1/runme.log
set_property PROBES.FILE {} [get_hw_devices xc7a35t_0]
set_property FULL_PROBES.FILE {} [get_hw_devices xc7a35t_0]
set_property PROGRAM.FILE {C:/Users/USER/Desktop/EE2026/Project 2.0/VGA TEST 1.xpr/FDP/FDP.runs/impl_1/Top_Student.bit} [get_hw_devices xc7a35t_0]
program_hw_devices [get_hw_devices xc7a35t_0]
INFO: [Labtools 27-3164] End of startup status: HIGH
refresh_hw_device [lindex [get_hw_devices xc7a35t_0] 0]
INFO: [Labtools 27-1434] Device xc7a35t (JTAG device index = 0) is programmed with a design that has no supported debug core(s) in it.
WARNING: [Labtools 27-3361] The debug hub core was not detected.
Resolution: 
1. Make sure the clock connected to the debug hub (dbg_hub) core is a free running clock and is active.
2. Make sure the BSCAN_SWITCH_USER_MASK device property in Vivado Hardware Manager reflects the user scan chain setting in the design and refresh the device.  To determine the user scan chain setting in the design, open the implemented design and use 'get_property C_USER_SCAN_CHAIN [get_debug_cores dbg_hub]'.
For more details on setting the scan chain property, consult the Vivado Debug and Programming User Guide (UG908).
update_compile_order -fileset sources_1
reset_run synth_1
launch_runs impl_1 -to_step write_bitstream -jobs 4
[Sat Mar 29 14:58:21 2025] Launched synth_1...
Run output will be captured here: C:/Users/USER/Desktop/EE2026/Project 2.0/VGA TEST 1.xpr/FDP/FDP.runs/synth_1/runme.log
[Sat Mar 29 14:58:21 2025] Launched impl_1...
Run output will be captured here: C:/Users/USER/Desktop/EE2026/Project 2.0/VGA TEST 1.xpr/FDP/FDP.runs/impl_1/runme.log
reset_run impl_1 -prev_step 
launch_runs impl_1 -to_step write_bitstream -jobs 4
[Sat Mar 29 15:05:26 2025] Launched impl_1...
Run output will be captured here: C:/Users/USER/Desktop/EE2026/Project 2.0/VGA TEST 1.xpr/FDP/FDP.runs/impl_1/runme.log
set_property PROBES.FILE {} [get_hw_devices xc7a35t_0]
set_property FULL_PROBES.FILE {} [get_hw_devices xc7a35t_0]
set_property PROGRAM.FILE {C:/Users/USER/Desktop/EE2026/Project 2.0/VGA TEST 1.xpr/FDP/FDP.runs/impl_1/Top_Student.bit} [get_hw_devices xc7a35t_0]
program_hw_devices [get_hw_devices xc7a35t_0]
INFO: [Labtools 27-3164] End of startup status: HIGH
refresh_hw_device [lindex [get_hw_devices xc7a35t_0] 0]
INFO: [Labtools 27-1434] Device xc7a35t (JTAG device index = 0) is programmed with a design that has no supported debug core(s) in it.
WARNING: [Labtools 27-3361] The debug hub core was not detected.
Resolution: 
1. Make sure the clock connected to the debug hub (dbg_hub) core is a free running clock and is active.
2. Make sure the BSCAN_SWITCH_USER_MASK device property in Vivado Hardware Manager reflects the user scan chain setting in the design and refresh the device.  To determine the user scan chain setting in the design, open the implemented design and use 'get_property C_USER_SCAN_CHAIN [get_debug_cores dbg_hub]'.
For more details on setting the scan chain property, consult the Vivado Debug and Programming User Guide (UG908).
set_property PROBES.FILE {} [get_hw_devices xc7a35t_0]
set_property FULL_PROBES.FILE {} [get_hw_devices xc7a35t_0]
set_property PROGRAM.FILE {C:/Users/USER/Desktop/EE2026/Project 2.0/VGA TEST 1.xpr/FDP/FDP.runs/impl_1/Top_Student.bit} [get_hw_devices xc7a35t_0]
program_hw_devices [get_hw_devices xc7a35t_0]
INFO: [Labtools 27-3164] End of startup status: HIGH
refresh_hw_device [lindex [get_hw_devices xc7a35t_0] 0]
INFO: [Labtools 27-1434] Device xc7a35t (JTAG device index = 0) is programmed with a design that has no supported debug core(s) in it.
WARNING: [Labtools 27-3361] The debug hub core was not detected.
Resolution: 
1. Make sure the clock connected to the debug hub (dbg_hub) core is a free running clock and is active.
2. Make sure the BSCAN_SWITCH_USER_MASK device property in Vivado Hardware Manager reflects the user scan chain setting in the design and refresh the device.  To determine the user scan chain setting in the design, open the implemented design and use 'get_property C_USER_SCAN_CHAIN [get_debug_cores dbg_hub]'.
For more details on setting the scan chain property, consult the Vivado Debug and Programming User Guide (UG908).
reset_run synth_1
launch_runs impl_1 -to_step write_bitstream -jobs 4
[Sat Mar 29 15:08:43 2025] Launched synth_1...
Run output will be captured here: C:/Users/USER/Desktop/EE2026/Project 2.0/VGA TEST 1.xpr/FDP/FDP.runs/synth_1/runme.log
[Sat Mar 29 15:08:43 2025] Launched impl_1...
Run output will be captured here: C:/Users/USER/Desktop/EE2026/Project 2.0/VGA TEST 1.xpr/FDP/FDP.runs/impl_1/runme.log
reset_run synth_1
WARNING: [Vivado 12-1017] Problems encountered:
1. Process appears to be on host 'THE-ALMIGHTY-LA' and cannot be killed from host 'The-Almighty-Laptop'

launch_runs impl_1 -to_step write_bitstream -jobs 4
[Sat Mar 29 15:09:09 2025] Launched synth_1...
Run output will be captured here: C:/Users/USER/Desktop/EE2026/Project 2.0/VGA TEST 1.xpr/FDP/FDP.runs/synth_1/runme.log
[Sat Mar 29 15:09:09 2025] Launched impl_1...
Run output will be captured here: C:/Users/USER/Desktop/EE2026/Project 2.0/VGA TEST 1.xpr/FDP/FDP.runs/impl_1/runme.log
set_property PROBES.FILE {} [get_hw_devices xc7a35t_0]
set_property FULL_PROBES.FILE {} [get_hw_devices xc7a35t_0]
set_property PROGRAM.FILE {C:/Users/USER/Desktop/EE2026/Project 2.0/VGA TEST 1.xpr/FDP/FDP.runs/impl_1/Top_Student.bit} [get_hw_devices xc7a35t_0]
program_hw_devices [get_hw_devices xc7a35t_0]
INFO: [Labtools 27-3164] End of startup status: HIGH
refresh_hw_device [lindex [get_hw_devices xc7a35t_0] 0]
INFO: [Labtools 27-1434] Device xc7a35t (JTAG device index = 0) is programmed with a design that has no supported debug core(s) in it.
WARNING: [Labtools 27-3361] The debug hub core was not detected.
Resolution: 
1. Make sure the clock connected to the debug hub (dbg_hub) core is a free running clock and is active.
2. Make sure the BSCAN_SWITCH_USER_MASK device property in Vivado Hardware Manager reflects the user scan chain setting in the design and refresh the device.  To determine the user scan chain setting in the design, open the implemented design and use 'get_property C_USER_SCAN_CHAIN [get_debug_cores dbg_hub]'.
For more details on setting the scan chain property, consult the Vivado Debug and Programming User Guide (UG908).
reset_run synth_1
launch_runs impl_1 -to_step write_bitstream -jobs 4
[Sat Mar 29 15:15:13 2025] Launched synth_1...
Run output will be captured here: C:/Users/USER/Desktop/EE2026/Project 2.0/VGA TEST 1.xpr/FDP/FDP.runs/synth_1/runme.log
[Sat Mar 29 15:15:13 2025] Launched impl_1...
Run output will be captured here: C:/Users/USER/Desktop/EE2026/Project 2.0/VGA TEST 1.xpr/FDP/FDP.runs/impl_1/runme.log
reset_run impl_1
WARNING: [Vivado 12-1017] Problems encountered:
1. Process appears to be on host 'THE-ALMIGHTY-LA' and cannot be killed from host 'The-Almighty-Laptop'

reset_run synth_1
launch_runs impl_1 -to_step write_bitstream -jobs 4
[Sat Mar 29 15:21:20 2025] Launched synth_1...
Run output will be captured here: C:/Users/USER/Desktop/EE2026/Project 2.0/VGA TEST 1.xpr/FDP/FDP.runs/synth_1/runme.log
[Sat Mar 29 15:21:20 2025] Launched impl_1...
Run output will be captured here: C:/Users/USER/Desktop/EE2026/Project 2.0/VGA TEST 1.xpr/FDP/FDP.runs/impl_1/runme.log
set_property PROBES.FILE {} [get_hw_devices xc7a35t_0]
set_property FULL_PROBES.FILE {} [get_hw_devices xc7a35t_0]
set_property PROGRAM.FILE {C:/Users/USER/Desktop/EE2026/Project 2.0/VGA TEST 1.xpr/FDP/FDP.runs/impl_1/Top_Student.bit} [get_hw_devices xc7a35t_0]
program_hw_devices [get_hw_devices xc7a35t_0]
INFO: [Labtools 27-3164] End of startup status: HIGH
refresh_hw_device [lindex [get_hw_devices xc7a35t_0] 0]
INFO: [Labtools 27-1434] Device xc7a35t (JTAG device index = 0) is programmed with a design that has no supported debug core(s) in it.
WARNING: [Labtools 27-3361] The debug hub core was not detected.
Resolution: 
1. Make sure the clock connected to the debug hub (dbg_hub) core is a free running clock and is active.
2. Make sure the BSCAN_SWITCH_USER_MASK device property in Vivado Hardware Manager reflects the user scan chain setting in the design and refresh the device.  To determine the user scan chain setting in the design, open the implemented design and use 'get_property C_USER_SCAN_CHAIN [get_debug_cores dbg_hub]'.
For more details on setting the scan chain property, consult the Vivado Debug and Programming User Guide (UG908).
reset_run synth_1
launch_runs impl_1 -to_step write_bitstream -jobs 4
[Sat Mar 29 15:29:13 2025] Launched synth_1...
Run output will be captured here: C:/Users/USER/Desktop/EE2026/Project 2.0/VGA TEST 1.xpr/FDP/FDP.runs/synth_1/runme.log
[Sat Mar 29 15:29:13 2025] Launched impl_1...
Run output will be captured here: C:/Users/USER/Desktop/EE2026/Project 2.0/VGA TEST 1.xpr/FDP/FDP.runs/impl_1/runme.log
set_property PROBES.FILE {} [get_hw_devices xc7a35t_0]
set_property FULL_PROBES.FILE {} [get_hw_devices xc7a35t_0]
set_property PROGRAM.FILE {C:/Users/USER/Desktop/EE2026/Project 2.0/VGA TEST 1.xpr/FDP/FDP.runs/impl_1/Top_Student.bit} [get_hw_devices xc7a35t_0]
program_hw_devices [get_hw_devices xc7a35t_0]
INFO: [Labtools 27-3164] End of startup status: HIGH
refresh_hw_device [lindex [get_hw_devices xc7a35t_0] 0]
INFO: [Labtools 27-1434] Device xc7a35t (JTAG device index = 0) is programmed with a design that has no supported debug core(s) in it.
WARNING: [Labtools 27-3361] The debug hub core was not detected.
Resolution: 
1. Make sure the clock connected to the debug hub (dbg_hub) core is a free running clock and is active.
2. Make sure the BSCAN_SWITCH_USER_MASK device property in Vivado Hardware Manager reflects the user scan chain setting in the design and refresh the device.  To determine the user scan chain setting in the design, open the implemented design and use 'get_property C_USER_SCAN_CHAIN [get_debug_cores dbg_hub]'.
For more details on setting the scan chain property, consult the Vivado Debug and Programming User Guide (UG908).
reset_run synth_1
launch_runs impl_1 -to_step write_bitstream -jobs 4
[Sat Mar 29 15:39:28 2025] Launched synth_1...
Run output will be captured here: C:/Users/USER/Desktop/EE2026/Project 2.0/VGA TEST 1.xpr/FDP/FDP.runs/synth_1/runme.log
[Sat Mar 29 15:39:28 2025] Launched impl_1...
Run output will be captured here: C:/Users/USER/Desktop/EE2026/Project 2.0/VGA TEST 1.xpr/FDP/FDP.runs/impl_1/runme.log
set_property PROBES.FILE {} [get_hw_devices xc7a35t_0]
set_property FULL_PROBES.FILE {} [get_hw_devices xc7a35t_0]
set_property PROGRAM.FILE {C:/Users/USER/Desktop/EE2026/Project 2.0/VGA TEST 1.xpr/FDP/FDP.runs/impl_1/Top_Student.bit} [get_hw_devices xc7a35t_0]
program_hw_devices [get_hw_devices xc7a35t_0]
INFO: [Labtools 27-3164] End of startup status: HIGH
refresh_hw_device [lindex [get_hw_devices xc7a35t_0] 0]
INFO: [Labtools 27-1434] Device xc7a35t (JTAG device index = 0) is programmed with a design that has no supported debug core(s) in it.
WARNING: [Labtools 27-3361] The debug hub core was not detected.
Resolution: 
1. Make sure the clock connected to the debug hub (dbg_hub) core is a free running clock and is active.
2. Make sure the BSCAN_SWITCH_USER_MASK device property in Vivado Hardware Manager reflects the user scan chain setting in the design and refresh the device.  To determine the user scan chain setting in the design, open the implemented design and use 'get_property C_USER_SCAN_CHAIN [get_debug_cores dbg_hub]'.
For more details on setting the scan chain property, consult the Vivado Debug and Programming User Guide (UG908).
reset_run synth_1
launch_runs impl_1 -to_step write_bitstream -jobs 4
[Sat Mar 29 15:50:14 2025] Launched synth_1...
Run output will be captured here: C:/Users/USER/Desktop/EE2026/Project 2.0/VGA TEST 1.xpr/FDP/FDP.runs/synth_1/runme.log
[Sat Mar 29 15:50:14 2025] Launched impl_1...
Run output will be captured here: C:/Users/USER/Desktop/EE2026/Project 2.0/VGA TEST 1.xpr/FDP/FDP.runs/impl_1/runme.log
set_property PROBES.FILE {} [get_hw_devices xc7a35t_0]
set_property FULL_PROBES.FILE {} [get_hw_devices xc7a35t_0]
set_property PROGRAM.FILE {C:/Users/USER/Desktop/EE2026/Project 2.0/VGA TEST 1.xpr/FDP/FDP.runs/impl_1/Top_Student.bit} [get_hw_devices xc7a35t_0]
program_hw_devices [get_hw_devices xc7a35t_0]
INFO: [Labtools 27-3164] End of startup status: HIGH
refresh_hw_device [lindex [get_hw_devices xc7a35t_0] 0]
INFO: [Labtools 27-1434] Device xc7a35t (JTAG device index = 0) is programmed with a design that has no supported debug core(s) in it.
WARNING: [Labtools 27-3361] The debug hub core was not detected.
Resolution: 
1. Make sure the clock connected to the debug hub (dbg_hub) core is a free running clock and is active.
2. Make sure the BSCAN_SWITCH_USER_MASK device property in Vivado Hardware Manager reflects the user scan chain setting in the design and refresh the device.  To determine the user scan chain setting in the design, open the implemented design and use 'get_property C_USER_SCAN_CHAIN [get_debug_cores dbg_hub]'.
For more details on setting the scan chain property, consult the Vivado Debug and Programming User Guide (UG908).
reset_run synth_1
launch_runs impl_1 -to_step write_bitstream -jobs 4
[Sat Mar 29 16:00:01 2025] Launched synth_1...
Run output will be captured here: C:/Users/USER/Desktop/EE2026/Project 2.0/VGA TEST 1.xpr/FDP/FDP.runs/synth_1/runme.log
[Sat Mar 29 16:00:01 2025] Launched impl_1...
Run output will be captured here: C:/Users/USER/Desktop/EE2026/Project 2.0/VGA TEST 1.xpr/FDP/FDP.runs/impl_1/runme.log
reset_run synth_1
launch_runs impl_1 -to_step write_bitstream -jobs 4
[Sat Mar 29 16:03:18 2025] Launched synth_1...
Run output will be captured here: C:/Users/USER/Desktop/EE2026/Project 2.0/VGA TEST 1.xpr/FDP/FDP.runs/synth_1/runme.log
[Sat Mar 29 16:03:18 2025] Launched impl_1...
Run output will be captured here: C:/Users/USER/Desktop/EE2026/Project 2.0/VGA TEST 1.xpr/FDP/FDP.runs/impl_1/runme.log
reset_run synth_1
launch_runs impl_1 -to_step write_bitstream -jobs 4
[Sat Mar 29 16:06:24 2025] Launched synth_1...
Run output will be captured here: C:/Users/USER/Desktop/EE2026/Project 2.0/VGA TEST 1.xpr/FDP/FDP.runs/synth_1/runme.log
[Sat Mar 29 16:06:25 2025] Launched impl_1...
Run output will be captured here: C:/Users/USER/Desktop/EE2026/Project 2.0/VGA TEST 1.xpr/FDP/FDP.runs/impl_1/runme.log
set_property PROBES.FILE {} [get_hw_devices xc7a35t_0]
set_property FULL_PROBES.FILE {} [get_hw_devices xc7a35t_0]
set_property PROGRAM.FILE {C:/Users/USER/Desktop/EE2026/Project 2.0/VGA TEST 1.xpr/FDP/FDP.runs/impl_1/Top_Student.bit} [get_hw_devices xc7a35t_0]
program_hw_devices [get_hw_devices xc7a35t_0]
INFO: [Labtools 27-3164] End of startup status: HIGH
refresh_hw_device [lindex [get_hw_devices xc7a35t_0] 0]
INFO: [Labtools 27-1434] Device xc7a35t (JTAG device index = 0) is programmed with a design that has no supported debug core(s) in it.
WARNING: [Labtools 27-3361] The debug hub core was not detected.
Resolution: 
1. Make sure the clock connected to the debug hub (dbg_hub) core is a free running clock and is active.
2. Make sure the BSCAN_SWITCH_USER_MASK device property in Vivado Hardware Manager reflects the user scan chain setting in the design and refresh the device.  To determine the user scan chain setting in the design, open the implemented design and use 'get_property C_USER_SCAN_CHAIN [get_debug_cores dbg_hub]'.
For more details on setting the scan chain property, consult the Vivado Debug and Programming User Guide (UG908).
reset_run synth_1
launch_runs impl_1 -to_step write_bitstream -jobs 4
[Sat Mar 29 16:14:56 2025] Launched synth_1...
Run output will be captured here: C:/Users/USER/Desktop/EE2026/Project 2.0/VGA TEST 1.xpr/FDP/FDP.runs/synth_1/runme.log
[Sat Mar 29 16:14:56 2025] Launched impl_1...
Run output will be captured here: C:/Users/USER/Desktop/EE2026/Project 2.0/VGA TEST 1.xpr/FDP/FDP.runs/impl_1/runme.log
set_property PROBES.FILE {} [get_hw_devices xc7a35t_0]
set_property FULL_PROBES.FILE {} [get_hw_devices xc7a35t_0]
set_property PROGRAM.FILE {C:/Users/USER/Desktop/EE2026/Project 2.0/VGA TEST 1.xpr/FDP/FDP.runs/impl_1/Top_Student.bit} [get_hw_devices xc7a35t_0]
program_hw_devices [get_hw_devices xc7a35t_0]
INFO: [Labtools 27-3164] End of startup status: HIGH
refresh_hw_device [lindex [get_hw_devices xc7a35t_0] 0]
INFO: [Labtools 27-1434] Device xc7a35t (JTAG device index = 0) is programmed with a design that has no supported debug core(s) in it.
WARNING: [Labtools 27-3361] The debug hub core was not detected.
Resolution: 
1. Make sure the clock connected to the debug hub (dbg_hub) core is a free running clock and is active.
2. Make sure the BSCAN_SWITCH_USER_MASK device property in Vivado Hardware Manager reflects the user scan chain setting in the design and refresh the device.  To determine the user scan chain setting in the design, open the implemented design and use 'get_property C_USER_SCAN_CHAIN [get_debug_cores dbg_hub]'.
For more details on setting the scan chain property, consult the Vivado Debug and Programming User Guide (UG908).
export_ip_user_files -of_objects  [get_files {{C:/Users/USER/Desktop/EE2026/Project 2.0/VGA TEST 1.xpr/FDP/FDP.srcs/sources_1/new/VGA_Grid_Coordinates.v}}] -no_script -reset -force -quiet
remove_files  {{C:/Users/USER/Desktop/EE2026/Project 2.0/VGA TEST 1.xpr/FDP/FDP.srcs/sources_1/new/VGA_Grid_Coordinates.v}}
file delete -force {C:/Users/USER/Desktop/EE2026/Project 2.0/VGA TEST 1.xpr/FDP/FDP.srcs/sources_1/new/VGA_Grid_Coordinates.v}
reset_run synth_1
launch_runs impl_1 -to_step write_bitstream -jobs 4
[Sat Mar 29 16:26:50 2025] Launched synth_1...
Run output will be captured here: C:/Users/USER/Desktop/EE2026/Project 2.0/VGA TEST 1.xpr/FDP/FDP.runs/synth_1/runme.log
[Sat Mar 29 16:26:50 2025] Launched impl_1...
Run output will be captured here: C:/Users/USER/Desktop/EE2026/Project 2.0/VGA TEST 1.xpr/FDP/FDP.runs/impl_1/runme.log
set_property PROBES.FILE {} [get_hw_devices xc7a35t_0]
set_property FULL_PROBES.FILE {} [get_hw_devices xc7a35t_0]
set_property PROGRAM.FILE {C:/Users/USER/Desktop/EE2026/Project 2.0/VGA TEST 1.xpr/FDP/FDP.runs/impl_1/Top_Student.bit} [get_hw_devices xc7a35t_0]
program_hw_devices [get_hw_devices xc7a35t_0]
INFO: [Labtools 27-3164] End of startup status: HIGH
refresh_hw_device [lindex [get_hw_devices xc7a35t_0] 0]
INFO: [Labtools 27-1434] Device xc7a35t (JTAG device index = 0) is programmed with a design that has no supported debug core(s) in it.
WARNING: [Labtools 27-3361] The debug hub core was not detected.
Resolution: 
1. Make sure the clock connected to the debug hub (dbg_hub) core is a free running clock and is active.
2. Make sure the BSCAN_SWITCH_USER_MASK device property in Vivado Hardware Manager reflects the user scan chain setting in the design and refresh the device.  To determine the user scan chain setting in the design, open the implemented design and use 'get_property C_USER_SCAN_CHAIN [get_debug_cores dbg_hub]'.
For more details on setting the scan chain property, consult the Vivado Debug and Programming User Guide (UG908).
reset_run synth_1
launch_runs impl_1 -to_step write_bitstream -jobs 4
[Sat Mar 29 16:36:55 2025] Launched synth_1...
Run output will be captured here: C:/Users/USER/Desktop/EE2026/Project 2.0/VGA TEST 1.xpr/FDP/FDP.runs/synth_1/runme.log
[Sat Mar 29 16:36:55 2025] Launched impl_1...
Run output will be captured here: C:/Users/USER/Desktop/EE2026/Project 2.0/VGA TEST 1.xpr/FDP/FDP.runs/impl_1/runme.log
set_property PROBES.FILE {} [get_hw_devices xc7a35t_0]
set_property FULL_PROBES.FILE {} [get_hw_devices xc7a35t_0]
set_property PROGRAM.FILE {C:/Users/USER/Desktop/EE2026/Project 2.0/VGA TEST 1.xpr/FDP/FDP.runs/impl_1/Top_Student.bit} [get_hw_devices xc7a35t_0]
program_hw_devices [get_hw_devices xc7a35t_0]
INFO: [Labtools 27-3164] End of startup status: HIGH
refresh_hw_device [lindex [get_hw_devices xc7a35t_0] 0]
INFO: [Labtools 27-1434] Device xc7a35t (JTAG device index = 0) is programmed with a design that has no supported debug core(s) in it.
WARNING: [Labtools 27-3361] The debug hub core was not detected.
Resolution: 
1. Make sure the clock connected to the debug hub (dbg_hub) core is a free running clock and is active.
2. Make sure the BSCAN_SWITCH_USER_MASK device property in Vivado Hardware Manager reflects the user scan chain setting in the design and refresh the device.  To determine the user scan chain setting in the design, open the implemented design and use 'get_property C_USER_SCAN_CHAIN [get_debug_cores dbg_hub]'.
For more details on setting the scan chain property, consult the Vivado Debug and Programming User Guide (UG908).
reset_run synth_1
launch_runs impl_1 -to_step write_bitstream -jobs 4
[Sat Mar 29 16:48:21 2025] Launched synth_1...
Run output will be captured here: C:/Users/USER/Desktop/EE2026/Project 2.0/VGA TEST 1.xpr/FDP/FDP.runs/synth_1/runme.log
[Sat Mar 29 16:48:21 2025] Launched impl_1...
Run output will be captured here: C:/Users/USER/Desktop/EE2026/Project 2.0/VGA TEST 1.xpr/FDP/FDP.runs/impl_1/runme.log
set_property PROBES.FILE {} [get_hw_devices xc7a35t_0]
set_property FULL_PROBES.FILE {} [get_hw_devices xc7a35t_0]
set_property PROGRAM.FILE {C:/Users/USER/Desktop/EE2026/Project 2.0/VGA TEST 1.xpr/FDP/FDP.runs/impl_1/Top_Student.bit} [get_hw_devices xc7a35t_0]
program_hw_devices [get_hw_devices xc7a35t_0]
INFO: [Labtools 27-3164] End of startup status: HIGH
refresh_hw_device [lindex [get_hw_devices xc7a35t_0] 0]
INFO: [Labtools 27-1434] Device xc7a35t (JTAG device index = 0) is programmed with a design that has no supported debug core(s) in it.
WARNING: [Labtools 27-3361] The debug hub core was not detected.
Resolution: 
1. Make sure the clock connected to the debug hub (dbg_hub) core is a free running clock and is active.
2. Make sure the BSCAN_SWITCH_USER_MASK device property in Vivado Hardware Manager reflects the user scan chain setting in the design and refresh the device.  To determine the user scan chain setting in the design, open the implemented design and use 'get_property C_USER_SCAN_CHAIN [get_debug_cores dbg_hub]'.
For more details on setting the scan chain property, consult the Vivado Debug and Programming User Guide (UG908).
reset_run synth_1
launch_runs impl_1 -to_step write_bitstream -jobs 4
[Sat Mar 29 16:56:26 2025] Launched synth_1...
Run output will be captured here: C:/Users/USER/Desktop/EE2026/Project 2.0/VGA TEST 1.xpr/FDP/FDP.runs/synth_1/runme.log
[Sat Mar 29 16:56:26 2025] Launched impl_1...
Run output will be captured here: C:/Users/USER/Desktop/EE2026/Project 2.0/VGA TEST 1.xpr/FDP/FDP.runs/impl_1/runme.log
set_property PROBES.FILE {} [get_hw_devices xc7a35t_0]
set_property FULL_PROBES.FILE {} [get_hw_devices xc7a35t_0]
set_property PROGRAM.FILE {C:/Users/USER/Desktop/EE2026/Project 2.0/VGA TEST 1.xpr/FDP/FDP.runs/impl_1/Top_Student.bit} [get_hw_devices xc7a35t_0]
program_hw_devices [get_hw_devices xc7a35t_0]
INFO: [Labtools 27-3164] End of startup status: HIGH
refresh_hw_device [lindex [get_hw_devices xc7a35t_0] 0]
INFO: [Labtools 27-1434] Device xc7a35t (JTAG device index = 0) is programmed with a design that has no supported debug core(s) in it.
WARNING: [Labtools 27-3361] The debug hub core was not detected.
Resolution: 
1. Make sure the clock connected to the debug hub (dbg_hub) core is a free running clock and is active.
2. Make sure the BSCAN_SWITCH_USER_MASK device property in Vivado Hardware Manager reflects the user scan chain setting in the design and refresh the device.  To determine the user scan chain setting in the design, open the implemented design and use 'get_property C_USER_SCAN_CHAIN [get_debug_cores dbg_hub]'.
For more details on setting the scan chain property, consult the Vivado Debug and Programming User Guide (UG908).
reset_run synth_1
launch_runs impl_1 -to_step write_bitstream -jobs 4
[Sat Mar 29 17:03:11 2025] Launched synth_1...
Run output will be captured here: C:/Users/USER/Desktop/EE2026/Project 2.0/VGA TEST 1.xpr/FDP/FDP.runs/synth_1/runme.log
[Sat Mar 29 17:03:12 2025] Launched impl_1...
Run output will be captured here: C:/Users/USER/Desktop/EE2026/Project 2.0/VGA TEST 1.xpr/FDP/FDP.runs/impl_1/runme.log
set_property PROBES.FILE {} [get_hw_devices xc7a35t_0]
set_property FULL_PROBES.FILE {} [get_hw_devices xc7a35t_0]
set_property PROGRAM.FILE {C:/Users/USER/Desktop/EE2026/Project 2.0/VGA TEST 1.xpr/FDP/FDP.runs/impl_1/Top_Student.bit} [get_hw_devices xc7a35t_0]
program_hw_devices [get_hw_devices xc7a35t_0]
INFO: [Labtools 27-3164] End of startup status: HIGH
refresh_hw_device [lindex [get_hw_devices xc7a35t_0] 0]
INFO: [Labtools 27-1434] Device xc7a35t (JTAG device index = 0) is programmed with a design that has no supported debug core(s) in it.
WARNING: [Labtools 27-3361] The debug hub core was not detected.
Resolution: 
1. Make sure the clock connected to the debug hub (dbg_hub) core is a free running clock and is active.
2. Make sure the BSCAN_SWITCH_USER_MASK device property in Vivado Hardware Manager reflects the user scan chain setting in the design and refresh the device.  To determine the user scan chain setting in the design, open the implemented design and use 'get_property C_USER_SCAN_CHAIN [get_debug_cores dbg_hub]'.
For more details on setting the scan chain property, consult the Vivado Debug and Programming User Guide (UG908).
reset_run synth_1
launch_runs impl_1 -to_step write_bitstream -jobs 4
[Sat Mar 29 17:09:38 2025] Launched synth_1...
Run output will be captured here: C:/Users/USER/Desktop/EE2026/Project 2.0/VGA TEST 1.xpr/FDP/FDP.runs/synth_1/runme.log
[Sat Mar 29 17:09:38 2025] Launched impl_1...
Run output will be captured here: C:/Users/USER/Desktop/EE2026/Project 2.0/VGA TEST 1.xpr/FDP/FDP.runs/impl_1/runme.log
reset_run synth_1
WARNING: [Vivado 12-1017] Problems encountered:
1. Process appears to be on host 'THE-ALMIGHTY-LA' and cannot be killed from host 'The-Almighty-Laptop'

launch_runs impl_1 -to_step write_bitstream -jobs 4
[Sat Mar 29 17:11:13 2025] Launched synth_1...
Run output will be captured here: C:/Users/USER/Desktop/EE2026/Project 2.0/VGA TEST 1.xpr/FDP/FDP.runs/synth_1/runme.log
[Sat Mar 29 17:11:13 2025] Launched impl_1...
Run output will be captured here: C:/Users/USER/Desktop/EE2026/Project 2.0/VGA TEST 1.xpr/FDP/FDP.runs/impl_1/runme.log
set_property PROBES.FILE {} [get_hw_devices xc7a35t_0]
set_property FULL_PROBES.FILE {} [get_hw_devices xc7a35t_0]
set_property PROGRAM.FILE {C:/Users/USER/Desktop/EE2026/Project 2.0/VGA TEST 1.xpr/FDP/FDP.runs/impl_1/Top_Student.bit} [get_hw_devices xc7a35t_0]
program_hw_devices [get_hw_devices xc7a35t_0]
INFO: [Labtools 27-3164] End of startup status: HIGH
refresh_hw_device [lindex [get_hw_devices xc7a35t_0] 0]
INFO: [Labtools 27-1434] Device xc7a35t (JTAG device index = 0) is programmed with a design that has no supported debug core(s) in it.
WARNING: [Labtools 27-3361] The debug hub core was not detected.
Resolution: 
1. Make sure the clock connected to the debug hub (dbg_hub) core is a free running clock and is active.
2. Make sure the BSCAN_SWITCH_USER_MASK device property in Vivado Hardware Manager reflects the user scan chain setting in the design and refresh the device.  To determine the user scan chain setting in the design, open the implemented design and use 'get_property C_USER_SCAN_CHAIN [get_debug_cores dbg_hub]'.
For more details on setting the scan chain property, consult the Vivado Debug and Programming User Guide (UG908).
reset_run synth_1
launch_runs impl_1 -to_step write_bitstream -jobs 4
[Sat Mar 29 17:22:21 2025] Launched synth_1...
Run output will be captured here: C:/Users/USER/Desktop/EE2026/Project 2.0/VGA TEST 1.xpr/FDP/FDP.runs/synth_1/runme.log
[Sat Mar 29 17:22:21 2025] Launched impl_1...
Run output will be captured here: C:/Users/USER/Desktop/EE2026/Project 2.0/VGA TEST 1.xpr/FDP/FDP.runs/impl_1/runme.log
set_property PROBES.FILE {} [get_hw_devices xc7a35t_0]
set_property FULL_PROBES.FILE {} [get_hw_devices xc7a35t_0]
set_property PROGRAM.FILE {C:/Users/USER/Desktop/EE2026/Project 2.0/VGA TEST 1.xpr/FDP/FDP.runs/impl_1/Top_Student.bit} [get_hw_devices xc7a35t_0]
program_hw_devices [get_hw_devices xc7a35t_0]
INFO: [Labtools 27-3164] End of startup status: HIGH
refresh_hw_device [lindex [get_hw_devices xc7a35t_0] 0]
INFO: [Labtools 27-1434] Device xc7a35t (JTAG device index = 0) is programmed with a design that has no supported debug core(s) in it.
WARNING: [Labtools 27-3361] The debug hub core was not detected.
Resolution: 
1. Make sure the clock connected to the debug hub (dbg_hub) core is a free running clock and is active.
2. Make sure the BSCAN_SWITCH_USER_MASK device property in Vivado Hardware Manager reflects the user scan chain setting in the design and refresh the device.  To determine the user scan chain setting in the design, open the implemented design and use 'get_property C_USER_SCAN_CHAIN [get_debug_cores dbg_hub]'.
For more details on setting the scan chain property, consult the Vivado Debug and Programming User Guide (UG908).
reset_run synth_1
launch_runs impl_1 -to_step write_bitstream -jobs 4
[Sat Mar 29 17:30:39 2025] Launched synth_1...
Run output will be captured here: C:/Users/USER/Desktop/EE2026/Project 2.0/VGA TEST 1.xpr/FDP/FDP.runs/synth_1/runme.log
[Sat Mar 29 17:30:39 2025] Launched impl_1...
Run output will be captured here: C:/Users/USER/Desktop/EE2026/Project 2.0/VGA TEST 1.xpr/FDP/FDP.runs/impl_1/runme.log
set_property PROBES.FILE {} [get_hw_devices xc7a35t_0]
set_property FULL_PROBES.FILE {} [get_hw_devices xc7a35t_0]
set_property PROGRAM.FILE {C:/Users/USER/Desktop/EE2026/Project 2.0/VGA TEST 1.xpr/FDP/FDP.runs/impl_1/Top_Student.bit} [get_hw_devices xc7a35t_0]
program_hw_devices [get_hw_devices xc7a35t_0]
INFO: [Labtools 27-3164] End of startup status: HIGH
refresh_hw_device [lindex [get_hw_devices xc7a35t_0] 0]
INFO: [Labtools 27-1434] Device xc7a35t (JTAG device index = 0) is programmed with a design that has no supported debug core(s) in it.
WARNING: [Labtools 27-3361] The debug hub core was not detected.
Resolution: 
1. Make sure the clock connected to the debug hub (dbg_hub) core is a free running clock and is active.
2. Make sure the BSCAN_SWITCH_USER_MASK device property in Vivado Hardware Manager reflects the user scan chain setting in the design and refresh the device.  To determine the user scan chain setting in the design, open the implemented design and use 'get_property C_USER_SCAN_CHAIN [get_debug_cores dbg_hub]'.
For more details on setting the scan chain property, consult the Vivado Debug and Programming User Guide (UG908).
reset_run synth_1
launch_runs impl_1 -to_step write_bitstream -jobs 4
[Sat Mar 29 17:38:48 2025] Launched synth_1...
Run output will be captured here: C:/Users/USER/Desktop/EE2026/Project 2.0/VGA TEST 1.xpr/FDP/FDP.runs/synth_1/runme.log
[Sat Mar 29 17:38:48 2025] Launched impl_1...
Run output will be captured here: C:/Users/USER/Desktop/EE2026/Project 2.0/VGA TEST 1.xpr/FDP/FDP.runs/impl_1/runme.log
set_property PROBES.FILE {} [get_hw_devices xc7a35t_0]
set_property FULL_PROBES.FILE {} [get_hw_devices xc7a35t_0]
set_property PROGRAM.FILE {C:/Users/USER/Desktop/EE2026/Project 2.0/VGA TEST 1.xpr/FDP/FDP.runs/impl_1/Top_Student.bit} [get_hw_devices xc7a35t_0]
program_hw_devices [get_hw_devices xc7a35t_0]
INFO: [Labtools 27-3164] End of startup status: HIGH
refresh_hw_device [lindex [get_hw_devices xc7a35t_0] 0]
INFO: [Labtools 27-1434] Device xc7a35t (JTAG device index = 0) is programmed with a design that has no supported debug core(s) in it.
WARNING: [Labtools 27-3361] The debug hub core was not detected.
Resolution: 
1. Make sure the clock connected to the debug hub (dbg_hub) core is a free running clock and is active.
2. Make sure the BSCAN_SWITCH_USER_MASK device property in Vivado Hardware Manager reflects the user scan chain setting in the design and refresh the device.  To determine the user scan chain setting in the design, open the implemented design and use 'get_property C_USER_SCAN_CHAIN [get_debug_cores dbg_hub]'.
For more details on setting the scan chain property, consult the Vivado Debug and Programming User Guide (UG908).
reset_run synth_1
launch_runs impl_1 -to_step write_bitstream -jobs 4
[Sat Mar 29 17:45:12 2025] Launched synth_1...
Run output will be captured here: C:/Users/USER/Desktop/EE2026/Project 2.0/VGA TEST 1.xpr/FDP/FDP.runs/synth_1/runme.log
[Sat Mar 29 17:45:12 2025] Launched impl_1...
Run output will be captured here: C:/Users/USER/Desktop/EE2026/Project 2.0/VGA TEST 1.xpr/FDP/FDP.runs/impl_1/runme.log
set_property PROBES.FILE {} [get_hw_devices xc7a35t_0]
set_property FULL_PROBES.FILE {} [get_hw_devices xc7a35t_0]
set_property PROGRAM.FILE {C:/Users/USER/Desktop/EE2026/Project 2.0/VGA TEST 1.xpr/FDP/FDP.runs/impl_1/Top_Student.bit} [get_hw_devices xc7a35t_0]
program_hw_devices [get_hw_devices xc7a35t_0]
INFO: [Labtools 27-3164] End of startup status: HIGH
refresh_hw_device [lindex [get_hw_devices xc7a35t_0] 0]
INFO: [Labtools 27-1434] Device xc7a35t (JTAG device index = 0) is programmed with a design that has no supported debug core(s) in it.
WARNING: [Labtools 27-3361] The debug hub core was not detected.
Resolution: 
1. Make sure the clock connected to the debug hub (dbg_hub) core is a free running clock and is active.
2. Make sure the BSCAN_SWITCH_USER_MASK device property in Vivado Hardware Manager reflects the user scan chain setting in the design and refresh the device.  To determine the user scan chain setting in the design, open the implemented design and use 'get_property C_USER_SCAN_CHAIN [get_debug_cores dbg_hub]'.
For more details on setting the scan chain property, consult the Vivado Debug and Programming User Guide (UG908).
exit
INFO: [Common 17-206] Exiting Vivado at Sat Mar 29 17:53:33 2025...
