#-----------------------------------------------------------
# Vivado v2018.2 (64-bit)
# SW Build 2258646 on Thu Jun 14 20:03:12 MDT 2018
# IP Build 2256618 on Thu Jun 14 22:10:49 MDT 2018
# Start of session at: Sun Mar 23 10:01:03 2025
# Process ID: 13864
# Current directory: C:/Users/USER/AppData/Roaming/Xilinx/Vivado
# Command line: vivado.exe -gui_launcher_event rodinguilauncherevent24428
# Log file: C:/Users/USER/AppData/Roaming/Xilinx/Vivado/vivado.log
# Journal file: C:/Users/USER/AppData/Roaming/Xilinx/Vivado\vivado.jou
#-----------------------------------------------------------
start_gui
exit
INFO: [Common 17-206] Exiting Vivado at Sun Mar 23 10:02:33 2025...
.xpr}
Scanning sources...
Finished scanning sources
INFO: [IP_Flow 19-234] Refreshing IP repositories
INFO: [IP_Flow 19-1704] No user IP repositories specified
INFO: [IP_Flow 19-2313] Loaded Vivado IP repository 'C:/Xilinx/Vivado/2018.2/data/ip'.
WARNING: [IP_Flow 19-3664] IP 'blk_mem_gen_inter' generated file not found 'c:/Users/USER/Desktop/EE2026/Project 2.0/EE2026_project/FDP.srcs/sources_1/ip/blk_mem_gen_inter/summary.log'. Please regenerate to continue.
WARNING: [IP_Flow 19-3664] IP 'blk_mem_gen_const' generated file not found 'c:/Users/USER/Desktop/EE2026/Project 2.0/EE2026_project/FDP.srcs/sources_1/ip/blk_mem_gen_const/summary.log'. Please regenerate to continue.
WARNING: [IP_Flow 19-3664] IP 'blk_mem_gen_img' generated file not found 'c:/Users/USER/Desktop/EE2026/Project 2.0/EE2026_project/FDP.srcs/sources_1/ip/blk_mem_gen_img/summary.log'. Please regenerate to continue.
WARNING: [IP_Flow 19-3664] IP 'blk_mem_gen_0' generated file not found 'c:/Users/USER/Desktop/EE2026/Project 2.0/EE2026_project/FDP.srcs/sources_1/ip/blk_mem_gen_0_1/summary.log'. Please regenerate to continue.
open_project: Time (s): cpu = 00:00:08 ; elapsed = 00:00:06 . Memory (MB): peak = 835.680 ; gain = 73.277
update_compile_order -fileset sources_1
launch_runs impl_1 -to_step write_bitstream -jobs 4
[Sun Mar 23 10:16:51 2025] Launched synth_1...
Run output will be captured here: C:/Users/USER/Desktop/EE2026/Project 2.0/EE2026_project/FDP.runs/synth_1/runme.log
[Sun Mar 23 10:16:51 2025] Launched impl_1...
Run output will be captured here: C:/Users/USER/Desktop/EE2026/Project 2.0/EE2026_project/FDP.runs/impl_1/runme.log
reset_run synth_1
WARNING: [Vivado 12-1017] Problems encountered:
1. Process appears to be on host 'THE-ALMIGHTY-LA' and cannot be killed from host 'The-Almighty-Laptop'

close [ open {C:/Users/USER/Desktop/EE2026/Project 2.0/EE2026_project/FDP.srcs/sources_1/new/Display_VGA.v} w ]
add_files {{C:/Users/USER/Desktop/EE2026/Project 2.0/EE2026_project/FDP.srcs/sources_1/new/Display_VGA.v}}
update_compile_order -fileset sources_1
export_ip_user_files -of_objects  [get_files {{C:/Users/USER/Desktop/EE2026/Project 2.0/EE2026_project/FDP.srcs/sources_1/new/Display_VGA.v}}] -no_script -reset -force -quiet
remove_files  {{C:/Users/USER/Desktop/EE2026/Project 2.0/EE2026_project/FDP.srcs/sources_1/new/Display_VGA.v}}
remove_files  {{C:/Users/USER/Desktop/EE2026/Project 2.0/EE2026_project/FDP.srcs/sources_1/new/Display_VGA.v}}
WARNING: [Vivado 12-818] No files matched 'C:/Users/USER/Desktop/EE2026/Project 2.0/EE2026_project/FDP.srcs/sources_1/new/Display_VGA.v'
file delete -force {C:/Users/USER/Desktop/EE2026/Project 2.0/EE2026_project/FDP.srcs/sources_1/new/Display_VGA.v}
update_compile_order -fileset sources_1
launch_runs impl_1 -to_step write_bitstream -jobs 4
[Sun Mar 23 14:10:09 2025] Launched synth_1...
Run output will be captured here: C:/Users/USER/Desktop/EE2026/Project 2.0/EE2026_project/FDP.runs/synth_1/runme.log
[Sun Mar 23 14:10:09 2025] Launched impl_1...
Run output will be captured here: C:/Users/USER/Desktop/EE2026/Project 2.0/EE2026_project/FDP.runs/impl_1/runme.log
archive_project {C:/Users/USER/Desktop/EE2026/Project 2.0/VGA TEST 1.0.xpr.zip} -temp_dir C:/Users/USER/AppData/Roaming/Xilinx/Vivado/.Xil/Vivado-13864-The-Almighty-Laptop -force -include_local_ip_cache -include_config_settings
INFO: [Coretcl 2-137] starting archive...
INFO: [Coretcl 2-1499] Saving project copy to temporary location 'C:/Users/USER/AppData/Roaming/Xilinx/Vivado/.Xil/Vivado-13864-The-Almighty-Laptop' for archiving project
Scanning sources...
Finished scanning sources
INFO: [IP_Flow 19-234] Refreshing IP repositories
INFO: [IP_Flow 19-1704] No user IP repositories specified
INFO: [IP_Flow 19-2313] Loaded Vivado IP repository 'C:/Xilinx/Vivado/2018.2/data/ip'.
WARNING: [IP_Flow 19-3664] IP 'blk_mem_gen_inter' generated file not found 'c:/Users/USER/Desktop/EE2026/Project 2.0/EE2026_project/FDP.srcs/sources_1/ip/blk_mem_gen_inter/summary.log'. Please regenerate to continue.
WARNING: [IP_Flow 19-3664] IP 'blk_mem_gen_const' generated file not found 'c:/Users/USER/Desktop/EE2026/Project 2.0/EE2026_project/FDP.srcs/sources_1/ip/blk_mem_gen_const/summary.log'. Please regenerate to continue.
WARNING: [IP_Flow 19-3664] IP 'blk_mem_gen_img' generated file not found 'c:/Users/USER/Desktop/EE2026/Project 2.0/EE2026_project/FDP.srcs/sources_1/ip/blk_mem_gen_img/summary.log'. Please regenerate to continue.
WARNING: [IP_Flow 19-3664] IP 'blk_mem_gen_0' generated file not found 'c:/Users/USER/Desktop/EE2026/Project 2.0/EE2026_project/FDP.srcs/sources_1/ip/blk_mem_gen_0_1/summary.log'. Please regenerate to continue.
INFO: [Coretcl 2-1211] Creating project copy for archival...
INFO: [ProjectBase 1-495] The host OS only allows 260 characters in a normal path. The project is stored in a path with more than 80 characters. If you experience any problem with archiving the project, please consider setting environment variable $TEMP to a shorter path.
Current project path is 'C:/Users/USER/AppData/Roaming/Xilinx/Vivado/.Xil/Vivado-13864-The-Almighty-Laptop/PrjAr/_X_'.
CRITICAL WARNING: [IP_Flow 19-4299] Failed to copy 'c:/Users/USER/Desktop/EE2026/Project 2.0/EE2026_project/FDP.srcs/sources_1/ip/blk_mem_gen_inter/summary.log' to 'c:/Users/USER/AppData/Roaming/Xilinx/Vivado/.Xil/Vivado-13864-The-Almighty-Laptop/PrjAr/_X_/FDP.srcs/sources_1/ip/blk_mem_gen_inter/summary.log'
CRITICAL WARNING: [IP_Flow 19-4299] Failed to copy 'c:/Users/USER/Desktop/EE2026/Project 2.0/EE2026_project/FDP.srcs/sources_1/ip/blk_mem_gen_const/summary.log' to 'c:/Users/USER/AppData/Roaming/Xilinx/Vivado/.Xil/Vivado-13864-The-Almighty-Laptop/PrjAr/_X_/FDP.srcs/sources_1/ip/blk_mem_gen_const/summary.log'
CRITICAL WARNING: [IP_Flow 19-4299] Failed to copy 'c:/Users/USER/Desktop/EE2026/Project 2.0/EE2026_project/FDP.srcs/sources_1/ip/blk_mem_gen_img/summary.log' to 'c:/Users/USER/AppData/Roaming/Xilinx/Vivado/.Xil/Vivado-13864-The-Almighty-Laptop/PrjAr/_X_/FDP.srcs/sources_1/ip/blk_mem_gen_img/summary.log'
CRITICAL WARNING: [IP_Flow 19-4299] Failed to copy 'c:/Users/USER/Desktop/EE2026/Project 2.0/EE2026_project/FDP.srcs/sources_1/ip/blk_mem_gen_0_1/summary.log' to 'c:/Users/USER/AppData/Roaming/Xilinx/Vivado/.Xil/Vivado-13864-The-Almighty-Laptop/PrjAr/_X_/FDP.srcs/sources_1/ip/blk_mem_gen_0_1/summary.log'
INFO: [Coretcl 2-1213] Including run results for 'synth_1'
INFO: [Coretcl 2-1213] Including run results for 'impl_1'
INFO: [Coretcl 2-1209] Adding archive summary file to the project...
INFO: [Coretcl 2-1214] Preparing project files for archive...
INFO: [Coretcl 2-1210] Compressing project files and data...
INFO: [Coretcl 2-1215] Project archived (C:/Users/USER/Desktop/EE2026/Project 2.0/VGA TEST 1.0.xpr.zip)
INFO: [Coretcl 2-1216] To view the archive summary log in GUI, double click on 'Design Sources->Text->archive_project_summary.txt', or open this file from the archived project directory.
archive_project: Time (s): cpu = 00:00:10 ; elapsed = 00:00:14 . Memory (MB): peak = 919.832 ; gain = 22.805
reset_run impl_1 -prev_step 
launch_runs impl_1 -to_step write_bitstream -jobs 4
[Sun Mar 23 14:33:55 2025] Launched impl_1...
Run output will be captured here: C:/Users/USER/Desktop/EE2026/Project 2.0/EE2026_project/FDP.runs/impl_1/runme.log
reset_run synth_1
launch_runs impl_1 -to_step write_bitstream -jobs 4
[Sun Mar 23 14:35:09 2025] Launched synth_1...
Run output will be captured here: C:/Users/USER/Desktop/EE2026/Project 2.0/EE2026_project/FDP.runs/synth_1/runme.log
[Sun Mar 23 14:35:09 2025] Launched impl_1...
Run output will be captured here: C:/Users/USER/Desktop/EE2026/Project 2.0/EE2026_project/FDP.runs/impl_1/runme.log
reset_run impl_1 -prev_step 
launch_runs impl_1 -to_step write_bitstream -jobs 4
[Sun Mar 23 14:40:23 2025] Launched impl_1...
Run output will be captured here: C:/Users/USER/Desktop/EE2026/Project 2.0/EE2026_project/FDP.runs/impl_1/runme.log
reset_run synth_1
launch_runs impl_1 -to_step write_bitstream -jobs 4
[Sun Mar 23 14:46:35 2025] Launched synth_1...
Run output will be captured here: C:/Users/USER/Desktop/EE2026/Project 2.0/EE2026_project/FDP.runs/synth_1/runme.log
[Sun Mar 23 14:46:35 2025] Launched impl_1...
Run output will be captured here: C:/Users/USER/Desktop/EE2026/Project 2.0/EE2026_project/FDP.runs/impl_1/runme.log
reset_run impl_1 -prev_step 
launch_runs impl_1 -to_step write_bitstream -jobs 4
[Sun Mar 23 14:53:25 2025] Launched impl_1...
Run output will be captured here: C:/Users/USER/Desktop/EE2026/Project 2.0/EE2026_project/FDP.runs/impl_1/runme.log
reset_run impl_1 -prev_step 
WARNING: [Vivado 12-1017] Problems encountered:
1. PID not specified

reset_run impl_1 -prev_step 
WARNING: [Vivado 12-1017] Problems encountered:
1. PID not specified

reset_run synth_1
launch_runs impl_1 -to_step write_bitstream -jobs 4
[Sun Mar 23 14:53:45 2025] Launched synth_1...
Run output will be captured here: C:/Users/USER/Desktop/EE2026/Project 2.0/EE2026_project/FDP.runs/synth_1/runme.log
[Sun Mar 23 14:53:45 2025] Launched impl_1...
Run output will be captured here: C:/Users/USER/Desktop/EE2026/Project 2.0/EE2026_project/FDP.runs/impl_1/runme.log
archive_project {C:/Users/USER/Desktop/EE2026/Project 2.0/VGA TEST 1.xpr.zip} -temp_dir C:/Users/USER/AppData/Roaming/Xilinx/Vivado/.Xil/Vivado-13864-The-Almighty-Laptop -force -include_local_ip_cache -include_config_settings
INFO: [Coretcl 2-137] starting archive...
INFO: [Coretcl 2-1499] Saving project copy to temporary location 'C:/Users/USER/AppData/Roaming/Xilinx/Vivado/.Xil/Vivado-13864-The-Almighty-Laptop' for archiving project
Scanning sources...
Finished scanning sources
INFO: [IP_Flow 19-234] Refreshing IP repositories
INFO: [IP_Flow 19-1704] No user IP repositories specified
INFO: [IP_Flow 19-2313] Loaded Vivado IP repository 'C:/Xilinx/Vivado/2018.2/data/ip'.
WARNING: [IP_Flow 19-3664] IP 'blk_mem_gen_inter' generated file not found 'c:/Users/USER/Desktop/EE2026/Project 2.0/EE2026_project/FDP.srcs/sources_1/ip/blk_mem_gen_inter/summary.log'. Please regenerate to continue.
WARNING: [IP_Flow 19-3664] IP 'blk_mem_gen_const' generated file not found 'c:/Users/USER/Desktop/EE2026/Project 2.0/EE2026_project/FDP.srcs/sources_1/ip/blk_mem_gen_const/summary.log'. Please regenerate to continue.
WARNING: [IP_Flow 19-3664] IP 'blk_mem_gen_img' generated file not found 'c:/Users/USER/Desktop/EE2026/Project 2.0/EE2026_project/FDP.srcs/sources_1/ip/blk_mem_gen_img/summary.log'. Please regenerate to continue.
WARNING: [IP_Flow 19-3664] IP 'blk_mem_gen_0' generated file not found 'c:/Users/USER/Desktop/EE2026/Project 2.0/EE2026_project/FDP.srcs/sources_1/ip/blk_mem_gen_0_1/summary.log'. Please regenerate to continue.
INFO: [Coretcl 2-1211] Creating project copy for archival...
INFO: [ProjectBase 1-495] The host OS only allows 260 characters in a normal path. The project is stored in a path with more than 80 characters. If you experience any problem with archiving the project, please consider setting environment variable $TEMP to a shorter path.
Current project path is 'C:/Users/USER/AppData/Roaming/Xilinx/Vivado/.Xil/Vivado-13864-The-Almighty-Laptop/PrjAr/_X_'.
CRITICAL WARNING: [IP_Flow 19-4299] Failed to copy 'c:/Users/USER/Desktop/EE2026/Project 2.0/EE2026_project/FDP.srcs/sources_1/ip/blk_mem_gen_inter/summary.log' to 'c:/Users/USER/AppData/Roaming/Xilinx/Vivado/.Xil/Vivado-13864-The-Almighty-Laptop/PrjAr/_X_/FDP.srcs/sources_1/ip/blk_mem_gen_inter/summary.log'
CRITICAL WARNING: [IP_Flow 19-4299] Failed to copy 'c:/Users/USER/Desktop/EE2026/Project 2.0/EE2026_project/FDP.srcs/sources_1/ip/blk_mem_gen_const/summary.log' to 'c:/Users/USER/AppData/Roaming/Xilinx/Vivado/.Xil/Vivado-13864-The-Almighty-Laptop/PrjAr/_X_/FDP.srcs/sources_1/ip/blk_mem_gen_const/summary.log'
CRITICAL WARNING: [IP_Flow 19-4299] Failed to copy 'c:/Users/USER/Desktop/EE2026/Project 2.0/EE2026_project/FDP.srcs/sources_1/ip/blk_mem_gen_img/summary.log' to 'c:/Users/USER/AppData/Roaming/Xilinx/Vivado/.Xil/Vivado-13864-The-Almighty-Laptop/PrjAr/_X_/FDP.srcs/sources_1/ip/blk_mem_gen_img/summary.log'
CRITICAL WARNING: [IP_Flow 19-4299] Failed to copy 'c:/Users/USER/Desktop/EE2026/Project 2.0/EE2026_project/FDP.srcs/sources_1/ip/blk_mem_gen_0_1/summary.log' to 'c:/Users/USER/AppData/Roaming/Xilinx/Vivado/.Xil/Vivado-13864-The-Almighty-Laptop/PrjAr/_X_/FDP.srcs/sources_1/ip/blk_mem_gen_0_1/summary.log'
INFO: [Coretcl 2-1213] Including run results for 'synth_1'
INFO: [Coretcl 2-1213] Including run results for 'impl_1'
